// Jest Snapshot v1, https://goo.gl/fbAQLP

exports[`missions Component test Renders Mission Row 1`] = `<div />`;
